<?xml version="1.0" encoding="UTF-8"?>
<testsuites>
  <testsuite name="Tests\Feature\TrackingTest" file="C:\laragon\www\Skripsi_Warung_Luthfan\warungku_web\tests\Feature\TrackingTest.php" tests="14" assertions="33" errors="0" failures="5" skipped="0" time="222.062568">
    <testcase name="test_tracking_index_page_displays_search_form" file="C:\laragon\www\Skripsi_Warung_Luthfan\warungku_web\tests\Feature\TrackingTest.php" line="57" class="Tests\Feature\TrackingTest" classname="Tests.Feature.TrackingTest" assertions="5" time="121.631290"/>
    <testcase name="test_search_with_valid_code_redirects_to_show_page" file="C:\laragon\www\Skripsi_Warung_Luthfan\warungku_web\tests\Feature\TrackingTest.php" line="73" class="Tests\Feature\TrackingTest" classname="Tests.Feature.TrackingTest" assertions="1" time="7.447611">
      <failure type="PHPUnit\Framework\ExpectationFailedException">Tests\Feature\TrackingTest::test_search_with_valid_code_redirects_to_show_page&#13;
Expected response status code [201, 301, 302, 303, 307, 308] but received 419.
Failed asserting that false is true.
&#13;
C:\laragon\www\Skripsi_Warung_Luthfan\warungku_web\vendor\laravel\framework\src\Illuminate\Testing\TestResponseAssert.php:45
C:\laragon\www\Skripsi_Warung_Luthfan\warungku_web\vendor\laravel\framework\src\Illuminate\Testing\TestResponse.php:199
C:\laragon\www\Skripsi_Warung_Luthfan\warungku_web\tests\Feature\TrackingTest.php:81</failure>
    </testcase>
    <testcase name="test_show_page_displays_order_status_badge" file="C:\laragon\www\Skripsi_Warung_Luthfan\warungku_web\tests\Feature\TrackingTest.php" line="85" class="Tests\Feature\TrackingTest" classname="Tests.Feature.TrackingTest" assertions="3" time="10.240552"/>
    <testcase name="test_show_page_displays_order_details" file="C:\laragon\www\Skripsi_Warung_Luthfan\warungku_web\tests\Feature\TrackingTest.php" line="97" class="Tests\Feature\TrackingTest" classname="Tests.Feature.TrackingTest" assertions="5" time="11.324850"/>
    <testcase name="test_show_page_displays_timeline_component" file="C:\laragon\www\Skripsi_Warung_Luthfan\warungku_web\tests\Feature\TrackingTest.php" line="117" class="Tests\Feature\TrackingTest" classname="Tests.Feature.TrackingTest" assertions="6" time="10.063563"/>
    <testcase name="test_show_page_displays_action_buttons" file="C:\laragon\www\Skripsi_Warung_Luthfan\warungku_web\tests\Feature\TrackingTest.php" line="132" class="Tests\Feature\TrackingTest" classname="Tests.Feature.TrackingTest" assertions="3" time="10.255224"/>
    <testcase name="test_download_invoice_button_is_disabled_when_pending" file="C:\laragon\www\Skripsi_Warung_Luthfan\warungku_web\tests\Feature\TrackingTest.php" line="144" class="Tests\Feature\TrackingTest" classname="Tests.Feature.TrackingTest" assertions="1" time="10.035286"/>
    <testcase name="test_search_is_case_insensitive_for_order_code" file="C:\laragon\www\Skripsi_Warung_Luthfan\warungku_web\tests\Feature\TrackingTest.php" line="155" class="Tests\Feature\TrackingTest" classname="Tests.Feature.TrackingTest" assertions="1" time="7.231882">
      <failure type="PHPUnit\Framework\ExpectationFailedException">Tests\Feature\TrackingTest::test_search_is_case_insensitive_for_order_code&#13;
Expected response status code [201, 301, 302, 303, 307, 308] but received 419.
Failed asserting that false is true.
&#13;
C:\laragon\www\Skripsi_Warung_Luthfan\warungku_web\vendor\laravel\framework\src\Illuminate\Testing\TestResponseAssert.php:45
C:\laragon\www\Skripsi_Warung_Luthfan\warungku_web\vendor\laravel\framework\src\Illuminate\Testing\TestResponse.php:199
C:\laragon\www\Skripsi_Warung_Luthfan\warungku_web\tests\Feature\TrackingTest.php:163</failure>
    </testcase>
    <testcase name="test_search_with_invalid_code_shows_error_message" file="C:\laragon\www\Skripsi_Warung_Luthfan\warungku_web\tests\Feature\TrackingTest.php" line="171" class="Tests\Feature\TrackingTest" classname="Tests.Feature.TrackingTest" assertions="1" time="3.725099">
      <failure type="PHPUnit\Framework\ExpectationFailedException">Tests\Feature\TrackingTest::test_search_with_invalid_code_shows_error_message&#13;
Expected response status code [201, 301, 302, 303, 307, 308] but received 419.
Failed asserting that false is true.
&#13;
C:\laragon\www\Skripsi_Warung_Luthfan\warungku_web\vendor\laravel\framework\src\Illuminate\Testing\TestResponseAssert.php:45
C:\laragon\www\Skripsi_Warung_Luthfan\warungku_web\vendor\laravel\framework\src\Illuminate\Testing\TestResponse.php:199
C:\laragon\www\Skripsi_Warung_Luthfan\warungku_web\tests\Feature\TrackingTest.php:177</failure>
    </testcase>
    <testcase name="test_search_with_invalid_code_preserves_input_on_form" file="C:\laragon\www\Skripsi_Warung_Luthfan\warungku_web\tests\Feature\TrackingTest.php" line="186" class="Tests\Feature\TrackingTest" classname="Tests.Feature.TrackingTest" assertions="1" time="3.481295">
      <failure type="PHPUnit\Framework\ExpectationFailedException">Tests\Feature\TrackingTest::test_search_with_invalid_code_preserves_input_on_form&#13;
Failed asserting that null matches expected 'WRG-INVALID-0000'.
&#13;
C:\laragon\www\Skripsi_Warung_Luthfan\warungku_web\vendor\laravel\framework\src\Illuminate\Testing\TestResponseAssert.php:45
C:\laragon\www\Skripsi_Warung_Luthfan\warungku_web\vendor\laravel\framework\src\Illuminate\Testing\TestResponse.php:1547
C:\laragon\www\Skripsi_Warung_Luthfan\warungku_web\tests\Feature\TrackingTest.php:192</failure>
    </testcase>
    <testcase name="test_search_requires_code_field" file="C:\laragon\www\Skripsi_Warung_Luthfan\warungku_web\tests\Feature\TrackingTest.php" line="196" class="Tests\Feature\TrackingTest" classname="Tests.Feature.TrackingTest" assertions="1" time="3.379260">
      <failure type="PHPUnit\Framework\ExpectationFailedException">Tests\Feature\TrackingTest::test_search_requires_code_field&#13;
Session is missing expected key [errors].
Failed asserting that false is true.
&#13;
C:\laragon\www\Skripsi_Warung_Luthfan\warungku_web\vendor\laravel\framework\src\Illuminate\Testing\TestResponseAssert.php:45
C:\laragon\www\Skripsi_Warung_Luthfan\warungku_web\vendor\laravel\framework\src\Illuminate\Testing\TestResponse.php:1540
C:\laragon\www\Skripsi_Warung_Luthfan\warungku_web\vendor\laravel\framework\src\Illuminate\Testing\TestResponse.php:1617
C:\laragon\www\Skripsi_Warung_Luthfan\warungku_web\tests\Feature\TrackingTest.php:200</failure>
    </testcase>
    <testcase name="test_show_page_returns_404_for_unknown_code" file="C:\laragon\www\Skripsi_Warung_Luthfan\warungku_web\tests\Feature\TrackingTest.php" line="204" class="Tests\Feature\TrackingTest" classname="Tests.Feature.TrackingTest" assertions="1" time="4.207341"/>
    <testcase name="test_show_page_handles_cancelled_status" file="C:\laragon\www\Skripsi_Warung_Luthfan\warungku_web\tests\Feature\TrackingTest.php" line="216" class="Tests\Feature\TrackingTest" classname="Tests.Feature.TrackingTest" assertions="2" time="9.310214"/>
    <testcase name="test_show_page_handles_completed_status" file="C:\laragon\www\Skripsi_Warung_Luthfan\warungku_web\tests\Feature\TrackingTest.php" line="227" class="Tests\Feature\TrackingTest" classname="Tests.Feature.TrackingTest" assertions="2" time="9.729099"/>
  </testsuite>
</testsuites>
